// Jest Snapshot v1, https://goo.gl/fbAQLP

exports[`<SiteListItem /> matches snapshot 1`] = `ShallowWrapper {}`;
