// Jest Snapshot v1, https://goo.gl/fbAQLP

exports[`<SiteList /> matches snapshot 1`] = `ReactWrapper {}`;
